HI-TECH Software C Compiler 

Linker command line:

--edf=C:\Program Files (x86)\HI-TECH Software\PICC\9.83\dat\en_msgs.txt -cs \
  -h+dist/default/debug\GCR_-_Primary_PIC_Program_v887.X.debug.sym -z \
  -Q16F887 -ol.obj \
  -Mdist/default/debug/GCR_-_Primary_PIC_Program_v887.X.debug.map -E1 \
  -ACONST=00h-0FFhx31 -ACODE=00h-07FFhx3,01800h-01EFFh -ASTRCODE=00h-01EFFh \
  -AENTRY=00h-0FFhx31 -ASTRING=00h-0FFhx31 -ABANK0=020h-06Fh \
  -ABANK1=0A0h-0EFh -ABANK2=0110h-016Fh -ABANK3=0190h-01E4h \
  -ARAM=020h-06Fh,0A0h-0EFh,0110h-016Fh,0190h-01E4h \
  -AABS1=020h-07Fh,0A0h-0EFh,0110h-016Fh,0190h-01EFh -ACOMMON=071h-07Fh \
  -ASFR0=00h-01Fh -ASFR1=080h-09Fh -ASFR2=0100h-010Fh -ASFR3=0180h-018Fh \
  -preset_vec=00h,intentry=04h,init,end_init -ppowerup=CODE -pfunctab=CODE \
  -ACONFIG=02007h-02008h -pconfig=CONFIG -DCONFIG=2 -AIDLOC=02000h-02003h \
  -pidloc=IDLOC -DIDLOC=2 -AEEDATA=00h-0FFh/02100h -peeprom_data=EEDATA \
  -DEEDATA=2 -DCODE=2 -DSTRCODE=2 -DSTRING=2 -DCONST=2 -DENTRY=2 -k \
  C:\Users\Alan\AppData\Local\Temp\s4o4.obj \
  dist/default/debug\GCR_-_Primary_PIC_Program_v887.X.debug.obj 

Object code version is 3.10

Machine type is 16F887



                Name                               Link     Load   Length Selector   Space Scale
C:\Users\Alan\AppData\Local\Temp\s4o4.obj
                end_init                             12       12        3        8       0
                reset_vec                             0        0        4        0       0
dist/default/debug\GCR_-_Primary_PIC_Program_v887.X.debug.obj
                intentry                              4        4        E        8       0
                config                             2007     2007        1     400E       0
                text511                              C0       C0        9      180       0
                text510                              E0       E0       15      1C0       0
                text509                             33C      33C       87      678       0
                text508                             253      253       6C      4A6       0
                text507                             1E4      1E4       31      3C8       0
                text506                              F5       F5       17      1EA       0
                text505                              D2       D2        E      1A4       0
                text504                             166      166       25      2CC       0
                text503                             146      146       20      28C       0
                text502                             128      128       1E      250       0
                text501                              C9       C9        9      192       0
                text500                             10C      10C       1C      218       0
                text499                             2BF      2BF       7D      57E       0
                text498                             3C3      3C3       A6      786       0
                text497                             1B7      1B7       2D      36E       0
                text496                             557      557      146      AAE       0
                text495                             469      469       EE      8D2       0
                text494                             18B      18B       2C      316       0
                maintext                            69D      69D      163      D3A       0
                cstackBANK0                          20       20       49       20       1
                cstackCOMMON                         71       71        A       71       1
                dataBANK3                           190      190        2      190       1
                dataBANK1l                           B2       B2        2       AB       1
                bssBANK1l                            AB       AB        7       AB       1
                dataBANK0                            6D       6D        2       20       1
                bssBANK0                             69       69        4       20       1
                bssCOMMON                            7B       7B        3       71       1
                cinit                               215      215       3E      42A       0
                idataBANK1l                          BA       BA        2      174       0
                idataBANK3                           BC       BC        2      178       0
                idataBANK0                           BE       BE        2      17C       0

TOTAL           Name                               Link     Load   Length     Space
        CLASS   CONST          

        CLASS   CODE           
                end_init                             12       12        3         0
                intentry                              4        4        E         0
                reset_vec                             0        0        4         0
                text511                              C0       C0        9         0
                text510                              E0       E0       15         0
                text509                             33C      33C       87         0
                text508                             253      253       6C         0
                text507                             1E4      1E4       31         0
                text506                              F5       F5       17         0
                text505                              D2       D2        E         0
                text504                             166      166       25         0
                text503                             146      146       20         0
                text502                             128      128       1E         0
                text501                              C9       C9        9         0
                text500                             10C      10C       1C         0
                text499                             2BF      2BF       7D         0
                text498                             3C3      3C3       A6         0
                text497                             1B7      1B7       2D         0
                text496                             557      557      146         0
                text495                             469      469       EE         0
                text494                             18B      18B       2C         0
                maintext                            69D      69D      163         0
                cinit                               215      215       3E         0
                idataBANK1l                          BA       BA        2         0
                idataBANK3                           BC       BC        2         0
                idataBANK0                           BE       BE        2         0

        CLASS   STRCODE        

        CLASS   ENTRY          

        CLASS   STRING         

        CLASS   BANK0          
                cstackBANK0                          20       20       49         1
                dataBANK0                            6D       6D        2         1
                bssBANK0                             69       69        4         1

        CLASS   BANK1          
                dataBANK1l                           B2       B2        2         1
                bssBANK1l                            AB       AB        7         1

        CLASS   BANK2          

        CLASS   BANK3          
                dataBANK3                           190      190        2         1

        CLASS   RAM            

        CLASS   ABS1           
                abs_s1                               7E       7E        2         1
                abs_s1                               AA       AA        1         1

        CLASS   COMMON         
                cstackCOMMON                         71       71        A         1
                bssCOMMON                            7B       7B        3         1

        CLASS   SFR0           

        CLASS   SFR1           

        CLASS   SFR2           

        CLASS   SFR3           

        CLASS   CONFIG         
                config                             2007     2007        1         0

        CLASS   IDLOC          

        CLASS   EEDATA         



SEGMENTS        Name                           Load    Length   Top    Selector   Space  Class     Delta

                reset_vec                      000000  000004  000004         0       0  CODE        2
                intentry                       000004  000011  000015         8       0  CODE        2
                cstackBANK0                    000020  00004F  00006F        20       1  BANK0       1
                cstackCOMMON                   000071  00000D  00007E        71       1  COMMON      1
                bssBANK1l                      0000AB  000009  0000B4        AB       1  BANK1       1
                idataBANK1l                    0000BA  000002  0000BC       174       0  CODE        2
                idataBANK3                     0000BC  000002  0000BE       178       0  CODE        2
                idataBANK0                     0000BE  000002  0000C0       17C       0  CODE        2
                text511                        0000C0  000009  0000C9       180       0  CODE        2
                dataBANK3                      000190  000002  000192       190       1  BANK3       1
                text501                        0000C9  000009  0000D2       192       0  CODE        2
                text505                        0000D2  00000E  0000E0       1A4       0  CODE        2
                text510                        0000E0  000015  0000F5       1C0       0  CODE        2
                text506                        0000F5  000017  00010C       1EA       0  CODE        2
                text500                        00010C  00001C  000128       218       0  CODE        2
                text502                        000128  00001E  000146       250       0  CODE        2
                text503                        000146  000020  000166       28C       0  CODE        2
                text504                        000166  000025  00018B       2CC       0  CODE        2
                text494                        00018B  00002C  0001B7       316       0  CODE        2
                text497                        0001B7  00002D  0001E4       36E       0  CODE        2
                text507                        0001E4  000031  000215       3C8       0  CODE        2
                cinit                          000215  00003E  000253       42A       0  CODE        2
                text508                        000253  00006C  0002BF       4A6       0  CODE        2
                text499                        0002BF  00007D  00033C       57E       0  CODE        2
                text509                        00033C  000087  0003C3       678       0  CODE        2
                text498                        0003C3  0000A6  000469       786       0  CODE        2
                text495                        000469  0000EE  000557       8D2       0  CODE        2
                text496                        000557  000146  00069D       AAE       0  CODE        2
                maintext                       00069D  000163  000800       D3A       0  CODE        2
                config                         002007  000001  002008      400E       0  CONFIG      2


UNUSED ADDRESS RANGES

        Name                Unused          Largest block    Delta
        BANK0            006F-006F              1           1
        BANK1            00A0-00A9              A           1
                         00B4-00EF             3C
        BANK2            0110-016F             60           1
        BANK3            0192-01E4             53           1
        CODE             0015-00B9             A5           2
                         0800-1EFF            800
        CONFIG           2008-2008              1           2
        CONST            0015-00B9             A5           2
                         0800-1EFF            100
        EEDATA           2100-21FF            100           2
        ENTRY            0015-00B9             A5           2
                         0800-1EFF            100
        IDLOC            2000-2003              4           2
        RAM              006F-006F              1           1
                         00A0-00A9              A
                         00B4-00EF             3C
                         0110-016F             60
                         0192-01E4             53
        SFR0             0000-001F             20           1
        SFR1             0080-009F             20           1
        SFR2             0100-010F             10           1
        SFR3             0180-018F             10           1
        STRCODE          0015-00B9             A5           2
                         0800-1EFF           1700
        STRING           0015-00B9             A5           2
                         0800-1EFF            100

                                  Symbol Table

??_BeginEncoder         cstackBANK0  0020
??_BeginPWM             cstackBANK0  0020
??_EncUpdate            cstackBANK0  0020
??_Initialise           cstackBANK0  0021
??_SetPulse             cstackBANK0  0022
??_UpdateData           cstackBANK0  0022
??___awtoft             cstackBANK0  0039
??___ftadd              cstackBANK0  0052
??___ftmul              cstackBANK0  0042
??___ftpack             cstackBANK0  0025
??___fttol              cstackBANK0  002C
??_delay1sec            cstackBANK0  0020
??_i2cDataUpdate        cstackCOMMON 0071
??_i2cInit              cstackBANK0  0020
??_i2cIsrHandler        cstackCOMMON 0072
??_i2cSend              cstackCOMMON 0071
??_isr                  cstackCOMMON 0075
??_main                 cstackBANK0  0059
??_setDirection         cstackBANK0  0022
?_BeginEncoder          cstackCOMMON 0071
?_BeginPWM              cstackCOMMON 0071
?_EncUpdate             cstackCOMMON 0071
?_Initialise            cstackCOMMON 0071
?_SetPulse              cstackBANK0  0020
?_UpdateData            cstackBANK0  0020
?___awtoft              cstackBANK0  0036
?___ftadd               cstackBANK0  004C
?___ftmul               cstackBANK0  003C
?___ftpack              cstackBANK0  0020
?___fttol               cstackBANK0  0028
?_delay1sec             cstackCOMMON 0071
?_i2cDataUpdate         cstackCOMMON 0071
?_i2cInit               cstackCOMMON 0071
?_i2cIsrHandler         cstackCOMMON 0071
?_i2cSend               cstackCOMMON 0071
?_isr                   cstackCOMMON 0071
?_main                  cstackCOMMON 0071
?_setDirection          cstackBANK0  0020
EncUpdate@t1            cstackBANK0  0020
SetPulse@length         cstackBANK0  0020
SetPulse@temp           cstackBANK0  0022
UpdateData@c            cstackBANK0  0020
_BeginEncoder           text501      00C9
_BeginPWM               text502      0128
_CARRY                  (abs)        0018
_CCP2CON                (abs)        001D
_CCP2CONbits            (abs)        001D
_CCPR2L                 (abs)        001B
_CKE                    (abs)        04A6
_CKP                    (abs)        00A4
_COUNTS                 bssBANK1l    00AE
_DIR                    (abs)        0553
_DIRECTION              dataBANK3    0190
_DIR_READ               dataBANK0    006D
_EEADR                  (abs)        010D
_EECON1                 (abs)        018C
_EECON2                 (abs)        018D
_EEDATA                 (abs)        010C
_ERR                    (abs)        0554
_EncUpdate              text505      00D2
_F                      (abs)        00AA
_FLAG                   (abs)        00AA
_GIE                    (abs)        005F
_I2C                    (abs)        0550
_Initialise             text497      01B7
_OPTION_REG             (abs)        0081
_PEIE                   (abs)        005E
_PIE1                   (abs)        008C
_PIE1bits               (abs)        008C
_PIE2                   (abs)        008D
_PIR1bits               (abs)        000C
_PORTBbits              (abs)        0006
_PORTD                  (abs)        0008
_PR2                    (abs)        0092
_RB5                    (abs)        0035
_RBIE                   (abs)        005B
_RBIF                   (abs)        0058
_RD                     (abs)        0C60
_SMP                    (abs)        04A7
_SSPADD                 (abs)        0093
_SSPBUF                 (abs)        0013
_SSPCONbits             (abs)        0014
_SSPEN                  (abs)        00A5
_SSPIF                  (abs)        0063
_SSPM0                  (abs)        00A0
_SSPM1                  (abs)        00A1
_SSPM2                  (abs)        00A2
_SSPM3                  (abs)        00A3
_SSPSTAT                (abs)        0094
_SetPulse               text503      0146
_T0                     (abs)        0551
_T0IE                   (abs)        005D
_T0IF                   (abs)        005A
_T1                     (abs)        0552
_T1CON                  (abs)        0010
_T2CON                  (abs)        0012
_T2CONbits              (abs)        0012
_TARGET                 bssBANK0     0069
_TMR0_OverflowCount     bssBANK1l    00B0
_TMR0_OverflowTarget    dataBANK1l   00B2
_TMR1                   (abs)        000E
_TMR1IF                 (abs)        0060
_TMR2IF                 (abs)        0061
_TRISB                  (abs)        0086
_TRISC6                 (abs)        043E
_TRISC7                 (abs)        043F
_TRISD                  (abs)        0088
_TRISDbits              (abs)        0088
_UpdateData             text504      0166
_WR                     (abs)        0C61
_WREN                   (abs)        0C62
__Habs1                 abs1         0000
__Hbank0                bank0        0000
__Hbank1                bank1        0000
__Hbank2                bank2        0000
__Hbank3                bank3        0000
__HbssBANK0             bssBANK0     0000
__HbssBANK1l            bssBANK1l    0000
__HbssCOMMON            bssCOMMON    0000
__Hcinit                cinit        0000
__Hclrtext              clrtext      0000
__Hcode                 code         0000
__Hcommon               common       0000
__Hconfig               config       2008
__HcstackBANK0          cstackBANK0  0000
__HcstackCOMMON         cstackCOMMON 0000
__HdataBANK0            dataBANK0    0000
__HdataBANK1l           dataBANK1l   0000
__HdataBANK3            dataBANK3    0000
__Heeprom_data          eeprom_data  0000
__Hend_init             end_init     0015
__Hfunctab              functab      0000
__HidataBANK0           idataBANK0   0000
__HidataBANK1l          idataBANK1l  0000
__HidataBANK3           idataBANK3   0000
__Hidloc                idloc        0000
__Hinit                 init         0012
__Hintentry             intentry     0012
__Hmaintext             maintext     0000
__Hpowerup              powerup      0000
__Hram                  ram          0000
__Hreset_vec            reset_vec    0004
__Hsfr0                 sfr0         0000
__Hsfr1                 sfr1         0000
__Hsfr2                 sfr2         0000
__Hsfr3                 sfr3         0000
__Hstrings              strings      0000
__Htext                 text         0000
__Labs1                 abs1         0000
__Lbank0                bank0        0000
__Lbank1                bank1        0000
__Lbank2                bank2        0000
__Lbank3                bank3        0000
__LbssBANK0             bssBANK0     0000
__LbssBANK1l            bssBANK1l    0000
__LbssCOMMON            bssCOMMON    0000
__Lcinit                cinit        0000
__Lclrtext              clrtext      0000
__Lcode                 code         0000
__Lcommon               common       0000
__Lconfig               config       2007
__LcstackBANK0          cstackBANK0  0000
__LcstackCOMMON         cstackCOMMON 0000
__LdataBANK0            dataBANK0    0000
__LdataBANK1l           dataBANK1l   0000
__LdataBANK3            dataBANK3    0000
__Leeprom_data          eeprom_data  0000
__Lend_init             end_init     0012
__Lfunctab              functab      0000
__LidataBANK0           idataBANK0   0000
__LidataBANK1l          idataBANK1l  0000
__LidataBANK3           idataBANK3   0000
__Lidloc                idloc        0000
__Linit                 init         0012
__Lintentry             intentry     0004
__Lmaintext             maintext     0000
__Lpowerup              powerup      0000
__Lram                  ram          0000
__Lreset_vec            reset_vec    0000
__Lsfr0                 sfr0         0000
__Lsfr1                 sfr1         0000
__Lsfr2                 sfr2         0000
__Lsfr3                 sfr3         0000
__Lstrings              strings      0000
__Ltext                 text         0000
__S0                    (abs)        2008
__S1                    (abs)        0192
__S2                    (abs)        0000
___awtoft               text494      018B
___awtoft@c             cstackBANK0  0036
___awtoft@sign          cstackBANK0  003B
___ftadd                text496      0557
___ftadd@exp1           cstackBANK0  0058
___ftadd@exp2           cstackBANK0  0057
___ftadd@f1             cstackBANK0  004C
___ftadd@f2             cstackBANK0  004F
___ftadd@sign           cstackBANK0  0056
___ftmul                text495      0469
___ftmul@cntr           cstackBANK0  004A
___ftmul@exp            cstackBANK0  0046
___ftmul@f1             cstackBANK0  003C
___ftmul@f2             cstackBANK0  003F
___ftmul@f3_as_product  cstackBANK0  0047
___ftmul@sign           cstackBANK0  004B
___ftpack               text499      02BF
___ftpack@arg           cstackBANK0  0020
___ftpack@exp           cstackBANK0  0023
___ftpack@sign          cstackBANK0  0024
___fttol                text498      03C3
___fttol@exp1           cstackBANK0  0035
___fttol@f1             cstackBANK0  0028
___fttol@lval           cstackBANK0  0031
___fttol@sign1          cstackBANK0  0030
__end_of_BeginEncoder   text501      00D2
__end_of_BeginPWM       text502      0146
__end_of_EncUpdate      text505      00E0
__end_of_Initialise     text497      01E4
__end_of_SetPulse       text503      0166
__end_of_UpdateData     text504      018B
__end_of___awtoft       text494      01B7
__end_of___ftadd        text496      069D
__end_of___ftmul        text495      0557
__end_of___ftpack       text499      033C
__end_of___fttol        text498      0469
__end_of_delay1sec      text507      0215
__end_of_i2cDataUpdate  text510      00F5
__end_of_i2cInit        text500      0128
__end_of_i2cIsrHandler  text509      03C3
__end_of_i2cSend        text511      00C9
__end_of_isr            text508      02BF
__end_of_main           maintext     0800
__end_of_setDirection   text506      010C
__pbssBANK0             bssBANK0     0069
__pbssBANK1l            bssBANK1l    00AB
__pbssCOMMON            bssCOMMON    007B
__pcstackBANK0          cstackBANK0  0020
__pcstackCOMMON         cstackCOMMON 0071
__pdataBANK0            dataBANK0    006D
__pdataBANK1l           dataBANK1l   00B2
__pdataBANK3            dataBANK3    0190
__pidataBANK0           idataBANK0   00BE
__pidataBANK1l          idataBANK1l  00BA
__pidataBANK3           idataBANK3   00BC
__pintentry             intentry     0004
__pmaintext             maintext     069D
__ptext494              text494      018B
__ptext495              text495      0469
__ptext496              text496      0557
__ptext497              text497      01B7
__ptext498              text498      03C3
__ptext499              text499      02BF
__ptext500              text500      010C
__ptext501              text501      00C9
__ptext502              text502      0128
__ptext503              text503      0146
__ptext504              text504      0166
__ptext505              text505      00D2
__ptext506              text506      00F5
__ptext507              text507      01E4
__ptext508              text508      0253
__ptext509              text509      033C
__ptext510              text510      00E0
__ptext511              text511      00C0
__ptext512              text512      0000
__size_of_BeginEncoder  (abs)        0000
__size_of_BeginPWM      (abs)        0000
__size_of_EncUpdate     (abs)        0000
__size_of_Initialise    (abs)        0000
__size_of_SetPulse      (abs)        0000
__size_of_UpdateData    (abs)        0000
__size_of___awtoft      (abs)        0000
__size_of___ftadd       (abs)        0000
__size_of___ftmul       (abs)        0000
__size_of___ftpack      (abs)        0000
__size_of___fttol       (abs)        0000
__size_of_delay1sec     (abs)        0000
__size_of_i2cDataUpdate (abs)        0000
__size_of_i2cInit       (abs)        0000
__size_of_i2cIsrHandler (abs)        0000
__size_of_i2cSend       (abs)        0000
__size_of_isr           (abs)        0000
__size_of_main          (abs)        0000
__size_of_setDirection  (abs)        0000
_delay1sec              text507      01E4
_exit                   init         0012
_i2cBuffer              bssBANK1l    00AB
_i2cBufferVal           bssCOMMON    007B
_i2cDataUpdate          text510      00E0
_i2cDirection           bssBANK0     006B
_i2cInit                text500      010C
_i2cIsrHandler          text509      033C
_i2cRequest             bssCOMMON    007C
_i2cSend                text511      00C0
_i2cSpeed               bssBANK0     006C
_i2cWriteInt            bssCOMMON    007D
_isr                    text508      0253
_main                   maintext     069D
_setDirection           text506      00F5
btemp                   (abs)        007E
delay1sec@i             cstackBANK0  0020
end_of_initialization   cinit        024F
i2cInit@address         cstackBANK0  0020
i2cIsrHandler@i         cstackCOMMON 0073
i2cSend@msg             cstackCOMMON 0071
interrupt_function      intentry     0004
intlevel0               functab      0000
intlevel1               functab      0000
intlevel2               functab      0000
intlevel3               functab      0000
intlevel4               functab      0000
intlevel5               functab      0000
main@D                  cstackBANK0  005B
main@I                  cstackBANK0  0065
main@P                  cstackBANK0  0063
main@PID                cstackBANK0  005F
main@P_old              cstackBANK0  005D
main@counts             cstackBANK0  0067
main@currentPWM         cstackBANK0  0061
reset_vec               reset_vec    0000
saved_w                 (abs)        007E
setDirection@dir        cstackBANK0  0020
start                   init         0012
start_initialization    cinit        0215
wtemp0                  (abs)        007E
