HI-TECH Software C Compiler 

Linker command line:

--edf=C:\Program Files (x86)\HI-TECH Software\PICC\9.83\dat\en_msgs.txt -cs \
  -h+dist/default/production\GCR_-_Primary_PIC_Program_v887.X.production.sym \
  -z -Q16F887 -ol.obj \
  -Mdist/default/production/GCR_-_Primary_PIC_Program_v887.X.production.map \
  -E1 -ACONST=00h-0FFhx32 -ACODE=00h-07FFhx4 -ASTRCODE=00h-01FFFh \
  -AENTRY=00h-0FFhx32 -ASTRING=00h-0FFhx32 -ABANK0=020h-06Fh \
  -ABANK1=0A0h-0EFh -ABANK2=0110h-016Fh -ABANK3=0190h-01EFh \
  -ARAM=020h-06Fh,0A0h-0EFh,0110h-016Fh,0190h-01EFh \
  -AABS1=020h-07Fh,0A0h-0EFh,0110h-016Fh,0190h-01EFh -ACOMMON=070h-07Fh \
  -ASFR0=00h-01Fh -ASFR1=080h-09Fh -ASFR2=0100h-010Fh -ASFR3=0180h-018Fh \
  -preset_vec=00h,intentry=04h,init,end_init -ppowerup=CODE -pfunctab=CODE \
  -ACONFIG=02007h-02008h -pconfig=CONFIG -DCONFIG=2 -AIDLOC=02000h-02003h \
  -pidloc=IDLOC -DIDLOC=2 -AEEDATA=00h-0FFh/02100h -peeprom_data=EEDATA \
  -DEEDATA=2 -DCODE=2 -DSTRCODE=2 -DSTRING=2 -DCONST=2 -DENTRY=2 -k \
  C:\Users\Alan\AppData\Local\Temp\s5a4.obj \
  dist/default/production\GCR_-_Primary_PIC_Program_v887.X.production.obj 

Object code version is 3.10

Machine type is 16F887



                Name                               Link     Load   Length Selector   Space Scale
C:\Users\Alan\AppData\Local\Temp\s5a4.obj
                end_init                             12       12        3        8       0
                reset_vec                             0        0        3        0       0
dist/default/production\GCR_-_Primary_PIC_Program_v887.X.production.obj
                intentry                              4        4        E        8       0
                config                             2007     2007        1     400E       0
                text511                             74C      74C        9        8       0
                text510                             720      720       15        8       0
                text509                             452      452       87        8       0
                text508                             556      556       6C        8       0
                text507                             600      600       31        8       0
                text506                             709      709       17        8       0
                text505                             735      735        E        8       0
                text504                             68A      68A       25        8       0
                text503                             6AF      6AF       20        8       0
                text502                             6CF      6CF       1E        8       0
                text501                             743      743        9        8       0
                text500                             6ED      6ED       1C        8       0
                text499                             4D9      4D9       7D        8       0
                text498                             3AC      3AC       A6        8       0
                text497                             631      631       2D        8       0
                text496                             178      178      146        8       0
                text495                             2BE      2BE       EE        8       0
                text494                             65E      65E       2C        8       0
                maintext                             15       15      163        8       0
                cstackBANK0                          20       20       49       20       1
                cstackCOMMON                         70       70        A       70       1
                dataBANK3                           190      190        2      190       1
                dataBANK1l                           B2       B2        2       AB       1
                bssBANK1l                            AB       AB        7       AB       1
                dataBANK0                            6D       6D        2       20       1
                bssBANK0                             69       69        4       20       1
                bssCOMMON                            7A       7A        3       70       1
                cinit                               5C2      5C2       3E        8       0
                idataBANK1l                         759      759        2        8       0
                idataBANK3                          757      757        2        8       0
                idataBANK0                          755      755        2        8       0

TOTAL           Name                               Link     Load   Length     Space
        CLASS   CONST          

        CLASS   CODE           
                end_init                             12       12        3         0
                intentry                              4        4        E         0
                reset_vec                             0        0        3         0
                text511                             74C      74C        9         0
                text510                             720      720       15         0
                text509                             452      452       87         0
                text508                             556      556       6C         0
                text507                             600      600       31         0
                text506                             709      709       17         0
                text505                             735      735        E         0
                text504                             68A      68A       25         0
                text503                             6AF      6AF       20         0
                text502                             6CF      6CF       1E         0
                text501                             743      743        9         0
                text500                             6ED      6ED       1C         0
                text499                             4D9      4D9       7D         0
                text498                             3AC      3AC       A6         0
                text497                             631      631       2D         0
                text496                             178      178      146         0
                text495                             2BE      2BE       EE         0
                text494                             65E      65E       2C         0
                maintext                             15       15      163         0
                cinit                               5C2      5C2       3E         0
                idataBANK1l                         759      759        2         0
                idataBANK3                          757      757        2         0
                idataBANK0                          755      755        2         0

        CLASS   STRCODE        

        CLASS   ENTRY          

        CLASS   STRING         

        CLASS   BANK0          
                cstackBANK0                          20       20       49         1
                dataBANK0                            6D       6D        2         1
                bssBANK0                             69       69        4         1

        CLASS   BANK1          
                dataBANK1l                           B2       B2        2         1
                bssBANK1l                            AB       AB        7         1

        CLASS   BANK2          

        CLASS   BANK3          
                dataBANK3                           190      190        2         1

        CLASS   RAM            

        CLASS   ABS1           
                abs_s1                               7E       7E        2         1
                abs_s1                               AA       AA        1         1

        CLASS   COMMON         
                cstackCOMMON                         70       70        A         1
                bssCOMMON                            7A       7A        3         1

        CLASS   SFR0           

        CLASS   SFR1           

        CLASS   SFR2           

        CLASS   SFR3           

        CLASS   CONFIG         
                config                             2007     2007        1         0

        CLASS   IDLOC          

        CLASS   EEDATA         



SEGMENTS        Name                           Load    Length   Top    Selector   Space  Class     Delta

                reset_vec                      000000  000003  000003         0       0  CODE        2
                intentry                       000004  000757  00075B         8       0  CODE        2
                cstackBANK0                    000020  00004F  00006F        20       1  BANK0       1
                cstackCOMMON                   000070  00000D  00007D        70       1  COMMON      1
                bssBANK1l                      0000AB  000009  0000B4        AB       1  BANK1       1
                dataBANK3                      000190  000002  000192       190       1  BANK3       1
                config                         002007  000001  002008      400E       0  CONFIG      2


UNUSED ADDRESS RANGES

        Name                Unused          Largest block    Delta
        BANK0            006F-006F              1           1
        BANK1            00A0-00A9              A           1
                         00B4-00EF             3C
        BANK2            0110-016F             60           1
        BANK3            0192-01EF             5E           1
        CODE             0003-0003              1           2
                         075B-1FFF            800
        COMMON           007D-007D              1           1
        CONFIG           2008-2008              1           2
        CONST            0003-0003              1           2
                         075B-1FFF            100
        EEDATA           2100-21FF            100           2
        ENTRY            0003-0003              1           2
                         075B-1FFF            100
        IDLOC            2000-2003              4           2
        RAM              006F-006F              1           1
                         00A0-00A9              A
                         00B4-00EF             3C
                         0110-016F             60
                         0192-01EF             5E
        SFR0             0000-001F             20           1
        SFR1             0080-009F             20           1
        SFR2             0100-010F             10           1
        SFR3             0180-018F             10           1
        STRCODE          0003-0003              1           2
                         075B-1FFF           18A5
        STRING           0003-0003              1           2
                         075B-1FFF            100

                                  Symbol Table

??_BeginEncoder         cstackBANK0  0020
??_BeginPWM             cstackBANK0  0020
??_EncUpdate            cstackBANK0  0020
??_Initialise           cstackBANK0  0021
??_SetPulse             cstackBANK0  0022
??_UpdateData           cstackBANK0  0022
??___awtoft             cstackBANK0  0039
??___ftadd              cstackBANK0  0052
??___ftmul              cstackBANK0  0042
??___ftpack             cstackBANK0  0025
??___fttol              cstackBANK0  002C
??_delay1sec            cstackBANK0  0020
??_i2cDataUpdate        cstackCOMMON 0070
??_i2cInit              cstackBANK0  0020
??_i2cIsrHandler        cstackCOMMON 0071
??_i2cSend              cstackCOMMON 0070
??_isr                  cstackCOMMON 0074
??_main                 cstackBANK0  0059
??_setDirection         cstackBANK0  0022
?_BeginEncoder          cstackCOMMON 0070
?_BeginPWM              cstackCOMMON 0070
?_EncUpdate             cstackCOMMON 0070
?_Initialise            cstackCOMMON 0070
?_SetPulse              cstackBANK0  0020
?_UpdateData            cstackBANK0  0020
?___awtoft              cstackBANK0  0036
?___ftadd               cstackBANK0  004C
?___ftmul               cstackBANK0  003C
?___ftpack              cstackBANK0  0020
?___fttol               cstackBANK0  0028
?_delay1sec             cstackCOMMON 0070
?_i2cDataUpdate         cstackCOMMON 0070
?_i2cInit               cstackCOMMON 0070
?_i2cIsrHandler         cstackCOMMON 0070
?_i2cSend               cstackCOMMON 0070
?_isr                   cstackCOMMON 0070
?_main                  cstackCOMMON 0070
?_setDirection          cstackBANK0  0020
EncUpdate@t1            cstackBANK0  0020
SetPulse@length         cstackBANK0  0020
SetPulse@temp           cstackBANK0  0022
UpdateData@c            cstackBANK0  0020
_BeginEncoder           text501      0743
_BeginPWM               text502      06CF
_CARRY                  (abs)        0018
_CCP2CON                (abs)        001D
_CCP2CONbits            (abs)        001D
_CCPR2L                 (abs)        001B
_CKE                    (abs)        04A6
_CKP                    (abs)        00A4
_COUNTS                 bssBANK1l    00AE
_DIR                    (abs)        0553
_DIRECTION              dataBANK3    0190
_DIR_READ               dataBANK0    006D
_EEADR                  (abs)        010D
_EECON1                 (abs)        018C
_EECON2                 (abs)        018D
_EEDATA                 (abs)        010C
_ERR                    (abs)        0554
_EncUpdate              text505      0735
_F                      (abs)        00AA
_FLAG                   (abs)        00AA
_GIE                    (abs)        005F
_I2C                    (abs)        0550
_Initialise             text497      0631
_OPTION_REG             (abs)        0081
_PEIE                   (abs)        005E
_PIE1                   (abs)        008C
_PIE1bits               (abs)        008C
_PIE2                   (abs)        008D
_PIR1bits               (abs)        000C
_PORTBbits              (abs)        0006
_PORTD                  (abs)        0008
_PR2                    (abs)        0092
_RB5                    (abs)        0035
_RBIE                   (abs)        005B
_RBIF                   (abs)        0058
_RD                     (abs)        0C60
_SMP                    (abs)        04A7
_SSPADD                 (abs)        0093
_SSPBUF                 (abs)        0013
_SSPCONbits             (abs)        0014
_SSPEN                  (abs)        00A5
_SSPIF                  (abs)        0063
_SSPM0                  (abs)        00A0
_SSPM1                  (abs)        00A1
_SSPM2                  (abs)        00A2
_SSPM3                  (abs)        00A3
_SSPSTAT                (abs)        0094
_SetPulse               text503      06AF
_T0                     (abs)        0551
_T0IE                   (abs)        005D
_T0IF                   (abs)        005A
_T1                     (abs)        0552
_T1CON                  (abs)        0010
_T2CON                  (abs)        0012
_T2CONbits              (abs)        0012
_TARGET                 bssBANK0     0069
_TMR0_OverflowCount     bssBANK1l    00B0
_TMR0_OverflowTarget    dataBANK1l   00B2
_TMR1                   (abs)        000E
_TMR1IF                 (abs)        0060
_TMR2IF                 (abs)        0061
_TRISB                  (abs)        0086
_TRISC6                 (abs)        043E
_TRISC7                 (abs)        043F
_TRISD                  (abs)        0088
_TRISDbits              (abs)        0088
_UpdateData             text504      068A
_WR                     (abs)        0C61
_WREN                   (abs)        0C62
__Habs1                 abs1         0000
__Hbank0                bank0        0000
__Hbank1                bank1        0000
__Hbank2                bank2        0000
__Hbank3                bank3        0000
__HbssBANK0             bssBANK0     0000
__HbssBANK1l            bssBANK1l    0000
__HbssCOMMON            bssCOMMON    0000
__Hcinit                cinit        0000
__Hclrtext              clrtext      0000
__Hcode                 code         0000
__Hcommon               common       0000
__Hconfig               config       2008
__HcstackBANK0          cstackBANK0  0000
__HcstackCOMMON         cstackCOMMON 0000
__HdataBANK0            dataBANK0    0000
__HdataBANK1l           dataBANK1l   0000
__HdataBANK3            dataBANK3    0000
__Heeprom_data          eeprom_data  0000
__Hend_init             end_init     0015
__Hfunctab              functab      0000
__HidataBANK0           idataBANK0   0000
__HidataBANK1l          idataBANK1l  0000
__HidataBANK3           idataBANK3   0000
__Hidloc                idloc        0000
__Hinit                 init         0012
__Hintentry             intentry     0012
__Hmaintext             maintext     0000
__Hpowerup              powerup      0000
__Hram                  ram          0000
__Hreset_vec            reset_vec    0003
__Hsfr0                 sfr0         0000
__Hsfr1                 sfr1         0000
__Hsfr2                 sfr2         0000
__Hsfr3                 sfr3         0000
__Hstrings              strings      0000
__Htext                 text         0000
__Labs1                 abs1         0000
__Lbank0                bank0        0000
__Lbank1                bank1        0000
__Lbank2                bank2        0000
__Lbank3                bank3        0000
__LbssBANK0             bssBANK0     0000
__LbssBANK1l            bssBANK1l    0000
__LbssCOMMON            bssCOMMON    0000
__Lcinit                cinit        0000
__Lclrtext              clrtext      0000
__Lcode                 code         0000
__Lcommon               common       0000
__Lconfig               config       2007
__LcstackBANK0          cstackBANK0  0000
__LcstackCOMMON         cstackCOMMON 0000
__LdataBANK0            dataBANK0    0000
__LdataBANK1l           dataBANK1l   0000
__LdataBANK3            dataBANK3    0000
__Leeprom_data          eeprom_data  0000
__Lend_init             end_init     0012
__Lfunctab              functab      0000
__LidataBANK0           idataBANK0   0000
__LidataBANK1l          idataBANK1l  0000
__LidataBANK3           idataBANK3   0000
__Lidloc                idloc        0000
__Linit                 init         0012
__Lintentry             intentry     0004
__Lmaintext             maintext     0000
__Lpowerup              powerup      0000
__Lram                  ram          0000
__Lreset_vec            reset_vec    0000
__Lsfr0                 sfr0         0000
__Lsfr1                 sfr1         0000
__Lsfr2                 sfr2         0000
__Lsfr3                 sfr3         0000
__Lstrings              strings      0000
__Ltext                 text         0000
__S0                    (abs)        2008
__S1                    (abs)        0192
__S2                    (abs)        0000
___awtoft               text494      065E
___awtoft@c             cstackBANK0  0036
___awtoft@sign          cstackBANK0  003B
___ftadd                text496      0178
___ftadd@exp1           cstackBANK0  0058
___ftadd@exp2           cstackBANK0  0057
___ftadd@f1             cstackBANK0  004C
___ftadd@f2             cstackBANK0  004F
___ftadd@sign           cstackBANK0  0056
___ftmul                text495      02BE
___ftmul@cntr           cstackBANK0  004A
___ftmul@exp            cstackBANK0  0046
___ftmul@f1             cstackBANK0  003C
___ftmul@f2             cstackBANK0  003F
___ftmul@f3_as_product  cstackBANK0  0047
___ftmul@sign           cstackBANK0  004B
___ftpack               text499      04D9
___ftpack@arg           cstackBANK0  0020
___ftpack@exp           cstackBANK0  0023
___ftpack@sign          cstackBANK0  0024
___fttol                text498      03AC
___fttol@exp1           cstackBANK0  0035
___fttol@f1             cstackBANK0  0028
___fttol@lval           cstackBANK0  0031
___fttol@sign1          cstackBANK0  0030
__end_of_BeginEncoder   text501      074C
__end_of_BeginPWM       text502      06ED
__end_of_EncUpdate      text505      0743
__end_of_Initialise     text497      065E
__end_of_SetPulse       text503      06CF
__end_of_UpdateData     text504      06AF
__end_of___awtoft       text494      068A
__end_of___ftadd        text496      02BE
__end_of___ftmul        text495      03AC
__end_of___ftpack       text499      0556
__end_of___fttol        text498      0452
__end_of_delay1sec      text507      0631
__end_of_i2cDataUpdate  text510      0735
__end_of_i2cInit        text500      0709
__end_of_i2cIsrHandler  text509      04D9
__end_of_i2cSend        text511      0755
__end_of_isr            text508      05C2
__end_of_main           maintext     0178
__end_of_setDirection   text506      0720
__pbssBANK0             bssBANK0     0069
__pbssBANK1l            bssBANK1l    00AB
__pbssCOMMON            bssCOMMON    007A
__pcstackBANK0          cstackBANK0  0020
__pcstackCOMMON         cstackCOMMON 0070
__pdataBANK0            dataBANK0    006D
__pdataBANK1l           dataBANK1l   00B2
__pdataBANK3            dataBANK3    0190
__pidataBANK0           idataBANK0   0755
__pidataBANK1l          idataBANK1l  0759
__pidataBANK3           idataBANK3   0757
__pintentry             intentry     0004
__pmaintext             maintext     0015
__ptext494              text494      065E
__ptext495              text495      02BE
__ptext496              text496      0178
__ptext497              text497      0631
__ptext498              text498      03AC
__ptext499              text499      04D9
__ptext500              text500      06ED
__ptext501              text501      0743
__ptext502              text502      06CF
__ptext503              text503      06AF
__ptext504              text504      068A
__ptext505              text505      0735
__ptext506              text506      0709
__ptext507              text507      0600
__ptext508              text508      0556
__ptext509              text509      0452
__ptext510              text510      0720
__ptext511              text511      074C
__ptext512              text512      0000
__size_of_BeginEncoder  (abs)        0000
__size_of_BeginPWM      (abs)        0000
__size_of_EncUpdate     (abs)        0000
__size_of_Initialise    (abs)        0000
__size_of_SetPulse      (abs)        0000
__size_of_UpdateData    (abs)        0000
__size_of___awtoft      (abs)        0000
__size_of___ftadd       (abs)        0000
__size_of___ftmul       (abs)        0000
__size_of___ftpack      (abs)        0000
__size_of___fttol       (abs)        0000
__size_of_delay1sec     (abs)        0000
__size_of_i2cDataUpdate (abs)        0000
__size_of_i2cInit       (abs)        0000
__size_of_i2cIsrHandler (abs)        0000
__size_of_i2cSend       (abs)        0000
__size_of_isr           (abs)        0000
__size_of_main          (abs)        0000
__size_of_setDirection  (abs)        0000
_delay1sec              text507      0600
_exit                   init         0012
_i2cBuffer              bssBANK1l    00AB
_i2cBufferVal           bssCOMMON    007A
_i2cDataUpdate          text510      0720
_i2cDirection           bssBANK0     006B
_i2cInit                text500      06ED
_i2cIsrHandler          text509      0452
_i2cRequest             bssCOMMON    007B
_i2cSend                text511      074C
_i2cSpeed               bssBANK0     006C
_i2cWriteInt            bssCOMMON    007C
_isr                    text508      0556
_main                   maintext     0015
_setDirection           text506      0709
btemp                   (abs)        007E
delay1sec@i             cstackBANK0  0020
end_of_initialization   cinit        05FC
i2cInit@address         cstackBANK0  0020
i2cIsrHandler@i         cstackCOMMON 0072
i2cSend@msg             cstackCOMMON 0070
interrupt_function      intentry     0004
intlevel0               functab      0000
intlevel1               functab      0000
intlevel2               functab      0000
intlevel3               functab      0000
intlevel4               functab      0000
intlevel5               functab      0000
main@D                  cstackBANK0  005B
main@I                  cstackBANK0  0065
main@P                  cstackBANK0  0063
main@PID                cstackBANK0  005F
main@P_old              cstackBANK0  005D
main@counts             cstackBANK0  0067
main@currentPWM         cstackBANK0  0061
reset_vec               reset_vec    0000
saved_w                 (abs)        007E
setDirection@dir        cstackBANK0  0020
start                   init         0012
start_initialization    cinit        05C2
wtemp0                  (abs)        007E
