HI-TECH Software C Compiler 

Linker command line:

--edf=C:\Program Files (x86)\HI-TECH Software\PICC\9.83\dat\en_msgs.txt -cs \
  -h+dist/default/debug\GCR_-_Primary_PIC_Program.X.debug.sym -z -Q16F917 \
  -ol.obj -Mdist/default/debug/GCR_-_Primary_PIC_Program.X.debug.map -E1 \
  -ACONST=00h-0FFhx31 -ACODE=00h-07FFhx3,01800h-01EFFh -ASTRCODE=00h-01EFFh \
  -AENTRY=00h-0FFhx31 -ASTRING=00h-0FFhx31 -ABANK0=020h-06Fh \
  -ABANK1=0A0h-0EFh -ABANK2=0120h-0164h -ABANK3=0190h-01EFh \
  -ARAM=020h-06Fh,0A0h-0EFh,0120h-0164h,0190h-01EFh \
  -AABS1=020h-07Fh,0A0h-0EFh,0120h-016Fh,0190h-01EFh -ACOMMON=071h-07Fh \
  -ASFR0=00h-01Fh -ASFR1=080h-09Fh -ASFR2=0100h-011Fh -ASFR3=0180h-018Fh \
  -preset_vec=00h,intentry=04h,init,end_init -ppowerup=CODE -pfunctab=CODE \
  -ACONFIG=02007h-02007h -pconfig=CONFIG -DCONFIG=2 -AIDLOC=02000h-02003h \
  -pidloc=IDLOC -DIDLOC=2 -AEEDATA=00h-0FFh/02100h -peeprom_data=EEDATA \
  -DEEDATA=2 -DCODE=2 -DSTRCODE=2 -DSTRING=2 -DCONST=2 -DENTRY=2 -k \
  C:\Users\Alan\AppData\Local\Temp\s54o.obj \
  dist/default/debug\GCR_-_Primary_PIC_Program.X.debug.obj 

Object code version is 3.10

Machine type is 16F917



                Name                               Link     Load   Length Selector   Space Scale
C:\Users\Alan\AppData\Local\Temp\s54o.obj
                end_init                             12       12        3        8       0
                reset_vec                             0        0        4        0       0
dist/default/debug\GCR_-_Primary_PIC_Program.X.debug.obj
                intentry                              4        4        E        8       0
                config                             2007     2007        1     400E       0
                text373                             5AE      5AE       10      B5C       0
                text372                             59F      59F        F      B3E       0
                text371                             6F8      6F8       6D      DF0       0
                text370                             6A6      6A6       52      D4C       0
                text369                             659      659       20      CB2       0
                text368                             5D2      5D2       17      BA4       0
                text367                             600      600       1D      C00       0
                text366                             5E9      5E9       17      BD2       0
                text365                             61D      61D       1E      C3A       0
                text364                             594      594        B      B28       0
                text363                             63B      63B       1E      C76       0
                text362                             679      679       2D      CF2       0
                maintext                            765      765       9B      ECA       0
                cstackBANK0                          20       20       16       20       1
                cstackCOMMON                         71       71        C       71       1
                bssBANK0                             36       36        F       20       1
                bssCOMMON                            7D       7D        1       71       1
                cinit                               5BE      5BE       14      B7C       0

TOTAL           Name                               Link     Load   Length     Space
        CLASS   CONST          

        CLASS   CODE           
                end_init                             12       12        3         0
                intentry                              4        4        E         0
                reset_vec                             0        0        4         0
                text373                             5AE      5AE       10         0
                text372                             59F      59F        F         0
                text371                             6F8      6F8       6D         0
                text370                             6A6      6A6       52         0
                text369                             659      659       20         0
                text368                             5D2      5D2       17         0
                text367                             600      600       1D         0
                text366                             5E9      5E9       17         0
                text365                             61D      61D       1E         0
                text364                             594      594        B         0
                text363                             63B      63B       1E         0
                text362                             679      679       2D         0
                maintext                            765      765       9B         0
                cinit                               5BE      5BE       14         0

        CLASS   STRCODE        

        CLASS   ENTRY          

        CLASS   STRING         

        CLASS   BANK0          
                cstackBANK0                          20       20       16         1
                bssBANK0                             36       36        F         1

        CLASS   BANK1          

        CLASS   BANK2          

        CLASS   BANK3          

        CLASS   RAM            

        CLASS   ABS1           
                abs_s1                               7E       7E        2         1
                abs_s1                               AA       AA        1         1

        CLASS   COMMON         
                cstackCOMMON                         71       71        C         1
                bssCOMMON                            7D       7D        1         1

        CLASS   SFR0           

        CLASS   SFR1           

        CLASS   SFR2           

        CLASS   SFR3           

        CLASS   CONFIG         
                config                             2007     2007        1         0

        CLASS   IDLOC          

        CLASS   EEDATA         



SEGMENTS        Name                           Load    Length   Top    Selector   Space  Class     Delta

                reset_vec                      000000  000004  000004         0       0  CODE        2
                intentry                       000004  000011  000015         8       0  CODE        2
                cstackBANK0                    000020  000025  000045        20       1  BANK0       1
                cstackCOMMON                   000071  00000D  00007E        71       1  COMMON      1
                text364                        000594  00000B  00059F       B28       0  CODE        2
                text372                        00059F  00000F  0005AE       B3E       0  CODE        2
                text373                        0005AE  000010  0005BE       B5C       0  CODE        2
                cinit                          0005BE  000014  0005D2       B7C       0  CODE        2
                text368                        0005D2  000017  0005E9       BA4       0  CODE        2
                text366                        0005E9  000017  000600       BD2       0  CODE        2
                text367                        000600  00001D  00061D       C00       0  CODE        2
                text365                        00061D  00001E  00063B       C3A       0  CODE        2
                text363                        00063B  00001E  000659       C76       0  CODE        2
                text369                        000659  000020  000679       CB2       0  CODE        2
                text362                        000679  00002D  0006A6       CF2       0  CODE        2
                text370                        0006A6  000052  0006F8       D4C       0  CODE        2
                text371                        0006F8  00006D  000765       DF0       0  CODE        2
                maintext                       000765  00009B  000800       ECA       0  CODE        2
                config                         002007  000001  002008      400E       0  CONFIG      2


UNUSED ADDRESS RANGES

        Name                Unused          Largest block    Delta
        BANK0            0045-006F             2B           1
        BANK1            00A0-00A9              A           1
                         00AB-00EF             45
        BANK2            0120-0164             45           1
        BANK3            0190-01EF             60           1
        CODE             0015-0593            57F           2
                         0800-1EFF            800
        CONST            0015-0593            100           2
                         0800-1EFF            100
        EEDATA           2100-21FF            100           2
        ENTRY            0015-0593            100           2
                         0800-1EFF            100
        IDLOC            2000-2003              4           2
        RAM              0045-006F             2B           1
                         00A0-00A9              A
                         00AB-00EF             45
                         0120-0164             45
                         0190-01EF             60
        SFR0             0000-001F             20           1
        SFR1             0080-009F             20           1
        SFR2             0100-011F             20           1
        SFR3             0180-018F             10           1
        STRCODE          0015-0593            57F           2
                         0800-1EFF           1700
        STRING           0015-0593            100           2
                         0800-1EFF            100

                                  Symbol Table

??_BeginEncoder         cstackBANK0  0020
??_BeginPWM             cstackBANK0  0020
??_EncUpdate            cstackBANK0  0024
??_Initialise           cstackBANK0  0021
??_SetPulse             cstackBANK0  0022
??_UpdateData           cstackBANK0  0024
??_i2cDataUpdate        cstackCOMMON 0071
??_i2cInit              cstackBANK0  0020
??_i2cIsrHandler        cstackCOMMON 0074
??_i2cSend              cstackCOMMON 0071
??_isr                  cstackCOMMON 0077
??_main                 cstackBANK0  0026
??_setDirection         cstackBANK0  0022
?_BeginEncoder          cstackCOMMON 0071
?_BeginPWM              cstackCOMMON 0071
?_EncUpdate             cstackBANK0  0020
?_Initialise            cstackCOMMON 0071
?_SetPulse              cstackBANK0  0020
?_UpdateData            cstackBANK0  0020
?_i2cDataUpdate         cstackCOMMON 0071
?_i2cInit               cstackCOMMON 0071
?_i2cIsrHandler         cstackCOMMON 0071
?_i2cSend               cstackCOMMON 0071
?_isr                   cstackCOMMON 0071
?_main                  cstackCOMMON 0071
?_setDirection          cstackBANK0  0020
EncUpdate@t0            cstackBANK0  0020
EncUpdate@t1            cstackBANK0  0022
SetPulse@length         cstackBANK0  0020
SetPulse@temp           cstackBANK0  0022
UpdateData@c            cstackBANK0  0022
UpdateData@t            cstackBANK0  0020
_BeginEncoder           text364      0594
_BeginPWM               text365      061D
_CARRY                  (abs)        0018
_CCP2CON                (abs)        001D
_CCP2CONbits            (abs)        001D
_CCPR2L                 (abs)        001B
_CKE                    (abs)        04A6
_CKP                    (abs)        00A4
_CMCON1                 (abs)        0097
_COUNTS                 bssBANK0     0039
_DIR                    (abs)        0553
_DIRECTION              bssBANK0     003B
_DIR_READ               bssBANK0     003D
_EEADR                  (abs)        010D
_EECON1                 (abs)        018C
_EECON2                 (abs)        018D
_EEDATA                 (abs)        010C
_ERR                    (abs)        0554
_EncUpdate              text367      0600
_F                      (abs)        00AA
_FLAG                   (abs)        00AA
_GIE                    (abs)        005F
_I2C                    (abs)        0550
_Initialise             text362      0679
_OPTION_REG             (abs)        0081
_PEIE                   (abs)        005E
_PIE1                   (abs)        008C
_PIE1bits               (abs)        008C
_PIE2                   (abs)        008D
_PIR1bits               (abs)        000C
_PORTBbits              (abs)        0006
_PORTD                  (abs)        0008
_PR2                    (abs)        0092
_RB5                    (abs)        0035
_RBIE                   (abs)        005B
_RBIF                   (abs)        0058
_RD                     (abs)        0C60
_SMP                    (abs)        04A7
_SSPADD                 (abs)        0093
_SSPBUF                 (abs)        0013
_SSPCONbits             (abs)        0014
_SSPEN                  (abs)        00A5
_SSPIF                  (abs)        0063
_SSPM0                  (abs)        00A0
_SSPM1                  (abs)        00A1
_SSPM2                  (abs)        00A2
_SSPM3                  (abs)        00A3
_SSPSTAT                (abs)        0094
_SetPulse               text369      0659
_T0                     (abs)        0551
_T0IE                   (abs)        005D
_T0IF                   (abs)        005A
_T1                     (abs)        0552
_T1CON                  (abs)        0010
_T2CON                  (abs)        0012
_T2CONbits              (abs)        0012
_TARGET                 bssBANK0     003F
_TMR0                   (abs)        0001
_TMR1                   (abs)        000E
_TMR1IF                 (abs)        0060
_TMR2IF                 (abs)        0061
_TRISB                  (abs)        0086
_TRISC6                 (abs)        043E
_TRISC7                 (abs)        043F
_TRISD                  (abs)        0088
_TRISDbits              (abs)        0088
_UpdateData             text366      05E9
_WR                     (abs)        0C61
_WREN                   (abs)        0C62
__Habs1                 abs1         0000
__Hbank0                bank0        0000
__Hbank1                bank1        0000
__Hbank2                bank2        0000
__Hbank3                bank3        0000
__HbssBANK0             bssBANK0     0000
__HbssCOMMON            bssCOMMON    0000
__Hcinit                cinit        0000
__Hclrtext              clrtext      0000
__Hcode                 code         0000
__Hcommon               common       0000
__Hconfig               config       2008
__HcstackBANK0          cstackBANK0  0000
__HcstackCOMMON         cstackCOMMON 0000
__Heeprom_data          eeprom_data  0000
__Hend_init             end_init     0015
__Hfunctab              functab      0000
__Hidloc                idloc        0000
__Hinit                 init         0012
__Hintentry             intentry     0012
__Hmaintext             maintext     0000
__Hpowerup              powerup      0000
__Hram                  ram          0000
__Hreset_vec            reset_vec    0004
__Hsfr0                 sfr0         0000
__Hsfr1                 sfr1         0000
__Hsfr2                 sfr2         0000
__Hsfr3                 sfr3         0000
__Hstrings              strings      0000
__Htext                 text         0000
__Labs1                 abs1         0000
__Lbank0                bank0        0000
__Lbank1                bank1        0000
__Lbank2                bank2        0000
__Lbank3                bank3        0000
__LbssBANK0             bssBANK0     0000
__LbssCOMMON            bssCOMMON    0000
__Lcinit                cinit        0000
__Lclrtext              clrtext      0000
__Lcode                 code         0000
__Lcommon               common       0000
__Lconfig               config       2007
__LcstackBANK0          cstackBANK0  0000
__LcstackCOMMON         cstackCOMMON 0000
__Leeprom_data          eeprom_data  0000
__Lend_init             end_init     0012
__Lfunctab              functab      0000
__Lidloc                idloc        0000
__Linit                 init         0012
__Lintentry             intentry     0004
__Lmaintext             maintext     0000
__Lpowerup              powerup      0000
__Lram                  ram          0000
__Lreset_vec            reset_vec    0000
__Lsfr0                 sfr0         0000
__Lsfr1                 sfr1         0000
__Lsfr2                 sfr2         0000
__Lsfr3                 sfr3         0000
__Lstrings              strings      0000
__Ltext                 text         0000
__S0                    (abs)        2008
__S1                    (abs)        007E
__S2                    (abs)        0000
__end_of_BeginEncoder   text364      059F
__end_of_BeginPWM       text365      063B
__end_of_EncUpdate      text367      061D
__end_of_Initialise     text362      06A6
__end_of_SetPulse       text369      0679
__end_of_UpdateData     text366      0600
__end_of_i2cDataUpdate  text372      05AE
__end_of_i2cInit        text363      0659
__end_of_i2cIsrHandler  text371      0765
__end_of_i2cSend        text373      05BE
__end_of_isr            text370      06F8
__end_of_main           maintext     0800
__end_of_setDirection   text368      05E9
__pbssBANK0             bssBANK0     0036
__pbssCOMMON            bssCOMMON    007D
__pcstackBANK0          cstackBANK0  0020
__pcstackCOMMON         cstackCOMMON 0071
__pintentry             intentry     0004
__pmaintext             maintext     0765
__ptext361              text361      0000
__ptext362              text362      0679
__ptext363              text363      063B
__ptext364              text364      0594
__ptext365              text365      061D
__ptext366              text366      05E9
__ptext367              text367      0600
__ptext368              text368      05D2
__ptext369              text369      0659
__ptext370              text370      06A6
__ptext371              text371      06F8
__ptext372              text372      059F
__ptext373              text373      05AE
__ptext374              text374      0000
__size_of_BeginEncoder  (abs)        0000
__size_of_BeginPWM      (abs)        0000
__size_of_EncUpdate     (abs)        0000
__size_of_Initialise    (abs)        0000
__size_of_SetPulse      (abs)        0000
__size_of_UpdateData    (abs)        0000
__size_of_i2cDataUpdate (abs)        0000
__size_of_i2cInit       (abs)        0000
__size_of_i2cIsrHandler (abs)        0000
__size_of_i2cSend       (abs)        0000
__size_of_isr           (abs)        0000
__size_of_main          (abs)        0000
__size_of_setDirection  (abs)        0000
_exit                   init         0012
_i2cBuffer              bssBANK0     0036
_i2cBufferVal           bssCOMMON    007D
_i2cDataUpdate          text372      059F
_i2cDirection           bssBANK0     0041
_i2cInit                text363      063B
_i2cIsrHandler          text371      06F8
_i2cRequest             bssBANK0     0042
_i2cSend                text373      05AE
_i2cSpeed               bssBANK0     0043
_i2cWriteInt            bssBANK0     0044
_isr                    text370      06A6
_main                   maintext     0765
_setDirection           text368      05D2
btemp                   (abs)        007E
end_of_initialization   cinit        05CE
i2cInit@address         cstackBANK0  0020
i2cIsrHandler@i         cstackCOMMON 0075
i2cSend@i               cstackCOMMON 0071
i2cSend@msg             cstackCOMMON 0073
interrupt_function      intentry     0004
intlevel0               functab      0000
intlevel1               functab      0000
intlevel2               functab      0000
intlevel3               functab      0000
intlevel4               functab      0000
intlevel5               functab      0000
main@D                  cstackBANK0  002C
main@I                  cstackBANK0  002A
main@P_old              cstackBANK0  002E
main@c                  cstackBANK0  0035
main@counts             cstackBANK0  0032
main@currentPWM         cstackBANK0  0028
main@t                  cstackBANK0  0034
main@time               cstackBANK0  0030
reset_vec               reset_vec    0000
saved_w                 (abs)        007E
setDirection@dir        cstackBANK0  0020
start                   init         0012
start_initialization    cinit        05BE
wtemp0                  (abs)        007E
