HI-TECH Software C Compiler 

Linker command line:

--edf=C:\Program Files (x86)\HI-TECH Software\PICC\9.83\dat\en_msgs.txt -cs \
  -h+dist/default/debug\External_Oscillator_Test_887.X.debug.sym -z \
  -Q16F887 -ol.obj \
  -Mdist/default/debug/External_Oscillator_Test_887.X.debug.map -E1 \
  -ACONST=00h-0FFhx31 -ACODE=00h-07FFhx3,01800h-01EFFh -ASTRCODE=00h-01EFFh \
  -AENTRY=00h-0FFhx31 -ASTRING=00h-0FFhx31 -ABANK0=020h-06Fh \
  -ABANK1=0A0h-0EFh -ABANK2=0110h-016Fh -ABANK3=0190h-01E4h \
  -ARAM=020h-06Fh,0A0h-0EFh,0110h-016Fh,0190h-01E4h \
  -AABS1=020h-07Fh,0A0h-0EFh,0110h-016Fh,0190h-01EFh -ACOMMON=071h-07Fh \
  -ASFR0=00h-01Fh -ASFR1=080h-09Fh -ASFR2=0100h-010Fh -ASFR3=0180h-018Fh \
  -preset_vec=00h,intentry,init,end_init -ppowerup=CODE -pfunctab=CODE \
  -ACONFIG=02007h-02008h -pconfig=CONFIG -DCONFIG=2 -AIDLOC=02000h-02003h \
  -pidloc=IDLOC -DIDLOC=2 -AEEDATA=00h-0FFh/02100h -peeprom_data=EEDATA \
  -DEEDATA=2 -DCODE=2 -DSTRCODE=2 -DSTRING=2 -DCONST=2 -DENTRY=2 -k \
  C:\Users\Alan\AppData\Local\Temp\s5hg.obj \
  dist/default/debug\External_Oscillator_Test_887.X.debug.obj 

Object code version is 3.10

Machine type is 16F887



                Name                               Link     Load   Length Selector   Space Scale
C:\Users\Alan\AppData\Local\Temp\s5hg.obj
                end_init                              1        1        3        0       0
                reset_vec                             0        0        1        0       0
dist/default/debug\External_Oscillator_Test_887.X.debug.obj
                config                             2007     2007        2     400E       0
                text71                              7D3      7D3       2D      FA6       0
                cstackCOMMON                         71       71        4       71       1
                cinit                               7AE      7AE        4      F5C       0
                maintext                            7B2      7B2       21      F64       0

TOTAL           Name                               Link     Load   Length     Space
        CLASS   CONST          

        CLASS   CODE           
                end_init                              1        1        3         0
                reset_vec                             0        0        1         0
                text71                              7D3      7D3       2D         0
                cinit                               7AE      7AE        4         0
                maintext                            7B2      7B2       21         0

        CLASS   STRCODE        

        CLASS   ENTRY          

        CLASS   STRING         

        CLASS   BANK0          

        CLASS   BANK1          

        CLASS   BANK2          

        CLASS   BANK3          

        CLASS   RAM            

        CLASS   ABS1           
                abs_s1                               7E       7E        2         1

        CLASS   COMMON         
                cstackCOMMON                         71       71        4         1

        CLASS   SFR0           

        CLASS   SFR1           

        CLASS   SFR2           

        CLASS   SFR3           

        CLASS   CONFIG         
                config                             2007     2007        2         0

        CLASS   IDLOC          

        CLASS   EEDATA         



SEGMENTS        Name                           Load    Length   Top    Selector   Space  Class     Delta

                reset_vec                      000000  000004  000004         0       0  CODE        2
                cstackCOMMON                   000071  000004  000075        71       1  COMMON      1
                cinit                          0007AE  000004  0007B2       F5C       0  CODE        2
                maintext                       0007B2  000021  0007D3       F64       0  CODE        2
                text71                         0007D3  00002D  000800       FA6       0  CODE        2
                config                         002007  000002  002009      400E       0  CONFIG      2


UNUSED ADDRESS RANGES

        Name                Unused          Largest block    Delta
        BANK0            0020-006F             50           1
        BANK1            00A0-00EF             50           1
        BANK2            0110-016F             60           1
        BANK3            0190-01E4             55           1
        CODE             0004-07AD            7AA           2
                         0800-1EFF            800
        COMMON           0075-007D              9           1
        CONST            0004-07AD            100           2
                         0800-1EFF            100
        EEDATA           2100-21FF            100           2
        ENTRY            0004-07AD            100           2
                         0800-1EFF            100
        IDLOC            2000-2003              4           2
        RAM              0020-006F             50           1
                         00A0-00EF             50
                         0110-016F             60
                         0190-01E4             55
        SFR0             0000-001F             20           1
        SFR1             0080-009F             20           1
        SFR2             0100-010F             10           1
        SFR3             0180-018F             10           1
        STRCODE          0004-07AD            7AA           2
                         0800-1EFF           1700
        STRING           0004-07AD            100           2
                         0800-1EFF            100

                                  Symbol Table

??_delay1sec          cstackCOMMON 0071
??_main               cstackCOMMON 0073
?_delay1sec           cstackCOMMON 0071
?_main                cstackCOMMON 0071
_CARRY                (abs)        0018
_EEADR                (abs)        010D
_EECON1               (abs)        018C
_EECON2               (abs)        018D
_EEDATA               (abs)        010C
_GIE                  (abs)        005F
_OPTION_REG           (abs)        0081
_PORTD                (abs)        0008
_RD                   (abs)        0C60
_T0IF                 (abs)        005A
_TMR0                 (abs)        0001
_TRISD                (abs)        0088
_WR                   (abs)        0C61
_WREN                 (abs)        0C62
__Habs1               abs1         0000
__Hbank0              bank0        0000
__Hbank1              bank1        0000
__Hbank2              bank2        0000
__Hbank3              bank3        0000
__Hcinit              cinit        0000
__Hclrtext            clrtext      0000
__Hcode               code         0000
__Hcommon             common       0000
__Hconfig             config       2009
__HcstackCOMMON       cstackCOMMON 0000
__Heeprom_data        eeprom_data  0000
__Hend_init           end_init     0004
__Hfunctab            functab      0000
__Hidloc              idloc        0000
__Hinit               init         0001
__Hintentry           intentry     0001
__Hmaintext           maintext     0000
__Hpowerup            powerup      0000
__Hram                ram          0000
__Hreset_vec          reset_vec    0001
__Hsfr0               sfr0         0000
__Hsfr1               sfr1         0000
__Hsfr2               sfr2         0000
__Hsfr3               sfr3         0000
__Hstrings            strings      0000
__Htext               text         0000
__Labs1               abs1         0000
__Lbank0              bank0        0000
__Lbank1              bank1        0000
__Lbank2              bank2        0000
__Lbank3              bank3        0000
__Lcinit              cinit        0000
__Lclrtext            clrtext      0000
__Lcode               code         0000
__Lcommon             common       0000
__Lconfig             config       2007
__LcstackCOMMON       cstackCOMMON 0000
__Leeprom_data        eeprom_data  0000
__Lend_init           end_init     0001
__Lfunctab            functab      0000
__Lidloc              idloc        0000
__Linit               init         0001
__Lintentry           intentry     0001
__Lmaintext           maintext     0000
__Lpowerup            powerup      0000
__Lram                ram          0000
__Lreset_vec          reset_vec    0000
__Lsfr0               sfr0         0000
__Lsfr1               sfr1         0000
__Lsfr2               sfr2         0000
__Lsfr3               sfr3         0000
__Lstrings            strings      0000
__Ltext               text         0000
__S0                  (abs)        2009
__S1                  (abs)        0075
__S2                  (abs)        0000
__end_of_delay1sec    text71       0800
__end_of_main         maintext     07D3
__pcstackCOMMON       cstackCOMMON 0071
__pmaintext           maintext     07B2
__ptext71             text71       07D3
__ptext72             text72       0000
__size_of_delay1sec   (abs)        0000
__size_of_main        (abs)        0000
_delay1sec            text71       07D3
_exit                 init         0001
_main                 maintext     07B2
btemp                 (abs)        007E
delay1sec@i           cstackCOMMON 0071
end_of_initialization cinit        07AE
intlevel0             functab      0000
intlevel1             functab      0000
intlevel2             functab      0000
intlevel3             functab      0000
intlevel4             functab      0000
intlevel5             functab      0000
main@x                cstackCOMMON 0073
reset_vec             reset_vec    0000
start                 init         0001
start_initialization  cinit        07AE
wtemp0                (abs)        007E
