HI-TECH Software C Compiler 

Linker command line:

--edf=C:\Program Files (x86)\HI-TECH Software\PICC\9.83\dat\en_msgs.txt -cs \
  -h+dist/default/debug\GCR_-_PWM_Module.X.debug.sym -z -Q16F917 -ol.obj \
  -Mdist/default/debug/GCR_-_PWM_Module.X.debug.map -E1 -ACONST=00h-0FFhx31 \
  -ACODE=00h-07FFhx3,01800h-01EFFh -ASTRCODE=00h-01EFFh -AENTRY=00h-0FFhx31 \
  -ASTRING=00h-0FFhx31 -ABANK0=020h-06Fh -ABANK1=0A0h-0EFh \
  -ABANK2=0120h-0164h -ABANK3=0190h-01EFh \
  -ARAM=020h-06Fh,0A0h-0EFh,0120h-0164h,0190h-01EFh \
  -AABS1=020h-07Fh,0A0h-0EFh,0120h-016Fh,0190h-01EFh -ACOMMON=071h-07Fh \
  -ASFR0=00h-01Fh -ASFR1=080h-09Fh -ASFR2=0100h-011Fh -ASFR3=0180h-018Fh \
  -preset_vec=00h,intentry=04h,init,end_init -ppowerup=CODE -pfunctab=CODE \
  -ACONFIG=02007h-02007h -pconfig=CONFIG -DCONFIG=2 -AIDLOC=02000h-02003h \
  -pidloc=IDLOC -DIDLOC=2 -AEEDATA=00h-0FFh/02100h -peeprom_data=EEDATA \
  -DEEDATA=2 -DCODE=2 -DSTRCODE=2 -DSTRING=2 -DCONST=2 -DENTRY=2 -k \
  C:\Users\Alan\AppData\Local\Temp\skk.obj \
  dist/default/debug\GCR_-_PWM_Module.X.debug.obj 

Object code version is 3.10

Machine type is 16F917



                Name                               Link     Load   Length Selector   Space Scale
C:\Users\Alan\AppData\Local\Temp\skk.obj
                end_init                             12       12        3        8       0
                reset_vec                             0        0        4        0       0
dist/default/debug\GCR_-_PWM_Module.X.debug.obj
                intentry                              4        4        E        8       0
                config                             2007     2007        1     400E       0
                text208                             7C4      7C4       3C      F88       0
                text207                             7A4      7A4       20      F48       0
                text206                             767      767       1E      ECE       0
                text205                             785      785       1F      F0A       0
                text204                             73A      73A       11      E74       0
                maintext                            74B      74B       1C      E96       0
                cstackBANK0                          36       36        4       20       1
                cstackCOMMON                         71       71        7       71       1
                clrtext                             723      723        8      E46       0
                bssBANK0                             20       20       16       20       1
                bssCOMMON                            78       78        2       71       1
                cinit                               72B      72B        F      E56       0

TOTAL           Name                               Link     Load   Length     Space
        CLASS   CONST          

        CLASS   CODE           
                end_init                             12       12        3         0
                intentry                              4        4        E         0
                reset_vec                             0        0        4         0
                text208                             7C4      7C4       3C         0
                text207                             7A4      7A4       20         0
                text206                             767      767       1E         0
                text205                             785      785       1F         0
                text204                             73A      73A       11         0
                maintext                            74B      74B       1C         0
                clrtext                             723      723        8         0
                cinit                               72B      72B        F         0

        CLASS   STRCODE        

        CLASS   ENTRY          

        CLASS   STRING         

        CLASS   BANK0          
                cstackBANK0                          36       36        4         1
                bssBANK0                             20       20       16         1

        CLASS   BANK1          

        CLASS   BANK2          

        CLASS   BANK3          

        CLASS   RAM            

        CLASS   ABS1           
                abs_s1                               7E       7E        2         1

        CLASS   COMMON         
                cstackCOMMON                         71       71        7         1
                bssCOMMON                            78       78        2         1

        CLASS   SFR0           

        CLASS   SFR1           

        CLASS   SFR2           

        CLASS   SFR3           

        CLASS   CONFIG         
                config                             2007     2007        1         0

        CLASS   IDLOC          

        CLASS   EEDATA         



SEGMENTS        Name                           Load    Length   Top    Selector   Space  Class     Delta

                reset_vec                      000000  000004  000004         0       0  CODE        2
                intentry                       000004  000011  000015         8       0  CODE        2
                bssBANK0                       000020  00001A  00003A        20       1  BANK0       1
                cstackCOMMON                   000071  000009  00007A        71       1  COMMON      1
                clrtext                        000723  000008  00072B       E46       0  CODE        2
                cinit                          00072B  00000F  00073A       E56       0  CODE        2
                text204                        00073A  000011  00074B       E74       0  CODE        2
                maintext                       00074B  00001C  000767       E96       0  CODE        2
                text206                        000767  00001E  000785       ECE       0  CODE        2
                text205                        000785  00001F  0007A4       F0A       0  CODE        2
                text207                        0007A4  000020  0007C4       F48       0  CODE        2
                text208                        0007C4  00003C  000800       F88       0  CODE        2
                config                         002007  000001  002008      400E       0  CONFIG      2


UNUSED ADDRESS RANGES

        Name                Unused          Largest block    Delta
        BANK0            003A-006F             36           1
        BANK1            00A0-00EF             50           1
        BANK2            0120-0164             45           1
        BANK3            0190-01EF             60           1
        CODE             0015-0722            70E           2
                         0800-1EFF            800
        COMMON           007A-007D              4           1
        CONST            0015-0722            100           2
                         0800-1EFF            100
        EEDATA           2100-21FF            100           2
        ENTRY            0015-0722            100           2
                         0800-1EFF            100
        IDLOC            2000-2003              4           2
        RAM              003A-006F             36           1
                         00A0-00EF             50
                         0120-0164             45
                         0190-01EF             60
        SFR0             0000-001F             20           1
        SFR1             0080-009F             20           1
        SFR2             0100-011F             20           1
        SFR3             0180-018F             10           1
        STRCODE          0015-0722            70E           2
                         0800-1EFF           1700
        STRING           0015-0722            100           2
                         0800-1EFF            100

                                  Symbol Table

??_BeginPWM           cstackBANK0  0036
??_Initialise         cstackBANK0  0036
??_SetPulse           cstackBANK0  0038
??_i2c_init           cstackBANK0  0036
??_isr                cstackCOMMON 0071
??_main               cstackBANK0  003A
?_BeginPWM            cstackCOMMON 0071
?_Initialise          cstackCOMMON 0071
?_SetPulse            cstackBANK0  0036
?_i2c_init            cstackCOMMON 0071
?_isr                 cstackCOMMON 0071
?_main                cstackCOMMON 0071
SetPulse@length       cstackBANK0  0036
SetPulse@temp         cstackBANK0  0038
_BeginPWM             text206      0767
_CARRY                (abs)        0018
_CCP1CON              (abs)        0017
_CCP1CONbits          (abs)        0017
_CCPR1L               (abs)        0015
_CKE                  (abs)        04A6
_CKP                  (abs)        00A4
_EEADR                (abs)        010D
_EECON1               (abs)        018C
_EECON2               (abs)        018D
_EEDATA               (abs)        010C
_GIE                  (abs)        005F
_INTE                 (abs)        005C
_Initialise           text204      073A
_PEIE                 (abs)        005E
_PIE1bits             (abs)        008C
_PIR1bits             (abs)        000C
_PORTD                (abs)        0008
_PR2                  (abs)        0092
_RD                   (abs)        0C60
_SMP                  (abs)        04A7
_SSPADD               (abs)        0093
_SSPBUF               (abs)        0013
_SSPEN                (abs)        00A5
_SSPIE                (abs)        0463
_SSPIF                (abs)        0063
_SSPM0                (abs)        00A0
_SSPM1                (abs)        00A1
_SSPM2                (abs)        00A2
_SSPM3                (abs)        00A3
_SSPSTAT              (abs)        0094
_SetPulse             text207      07A4
_T2CON                (abs)        0012
_T2CONbits            (abs)        0012
_TMR2IF               (abs)        0061
_TRISC6               (abs)        043E
_TRISC7               (abs)        043F
_TRISCbits            (abs)        0087
_TRISD                (abs)        0088
_WR                   (abs)        0C61
_WREN                 (abs)        0C62
__Habs1               abs1         0000
__Hbank0              bank0        0000
__Hbank1              bank1        0000
__Hbank2              bank2        0000
__Hbank3              bank3        0000
__HbssBANK0           bssBANK0     0000
__HbssCOMMON          bssCOMMON    0000
__Hcinit              cinit        0000
__Hclrtext            clrtext      0000
__Hcode               code         0000
__Hcommon             common       0000
__Hconfig             config       2008
__HcstackBANK0        cstackBANK0  0000
__HcstackCOMMON       cstackCOMMON 0000
__Heeprom_data        eeprom_data  0000
__Hend_init           end_init     0015
__Hfunctab            functab      0000
__Hidloc              idloc        0000
__Hinit               init         0012
__Hintentry           intentry     0012
__Hmaintext           maintext     0000
__Hpowerup            powerup      0000
__Hram                ram          0000
__Hreset_vec          reset_vec    0004
__Hsfr0               sfr0         0000
__Hsfr1               sfr1         0000
__Hsfr2               sfr2         0000
__Hsfr3               sfr3         0000
__Hstrings            strings      0000
__Htext               text         0000
__Labs1               abs1         0000
__Lbank0              bank0        0000
__Lbank1              bank1        0000
__Lbank2              bank2        0000
__Lbank3              bank3        0000
__LbssBANK0           bssBANK0     0000
__LbssCOMMON          bssCOMMON    0000
__Lcinit              cinit        0000
__Lclrtext            clrtext      0000
__Lcode               code         0000
__Lcommon             common       0000
__Lconfig             config       2007
__LcstackBANK0        cstackBANK0  0000
__LcstackCOMMON       cstackCOMMON 0000
__Leeprom_data        eeprom_data  0000
__Lend_init           end_init     0012
__Lfunctab            functab      0000
__Lidloc              idloc        0000
__Linit               init         0012
__Lintentry           intentry     0004
__Lmaintext           maintext     0000
__Lpowerup            powerup      0000
__Lram                ram          0000
__Lreset_vec          reset_vec    0000
__Lsfr0               sfr0         0000
__Lsfr1               sfr1         0000
__Lsfr2               sfr2         0000
__Lsfr3               sfr3         0000
__Lstrings            strings      0000
__Ltext               text         0000
__S0                  (abs)        2008
__S1                  (abs)        007A
__S2                  (abs)        0000
__end_of_BeginPWM     text206      0785
__end_of_Initialise   text204      074B
__end_of_SetPulse     text207      07C4
__end_of_i2c_init     text205      07A4
__end_of_isr          text208      0800
__end_of_main         maintext     0767
__pbssBANK0           bssBANK0     0020
__pbssCOMMON          bssCOMMON    0078
__pcstackBANK0        cstackBANK0  0036
__pcstackCOMMON       cstackCOMMON 0071
__pintentry           intentry     0004
__pmaintext           maintext     074B
__ptext203            text203      0000
__ptext204            text204      073A
__ptext205            text205      0785
__ptext206            text206      0767
__ptext207            text207      07A4
__ptext208            text208      07C4
__ptext209            text209      0000
__size_of_BeginPWM    (abs)        0000
__size_of_Initialise  (abs)        0000
__size_of_SetPulse    (abs)        0000
__size_of_i2c_init    (abs)        0000
__size_of_isr         (abs)        0000
__size_of_main        (abs)        0000
_exit                 init         0012
_i2cBuffer            bssBANK0     0020
_i2c_init             text205      0785
_isr                  text208      07C4
_main                 maintext     074B
_setSpeed             bssBANK0     0034
_val                  bssCOMMON    0078
btemp                 (abs)        007E
clear_ram             clrtext      0723
end_of_initialization cinit        0736
interrupt_function    intentry     0004
intlevel0             functab      0000
intlevel1             functab      0000
intlevel2             functab      0000
intlevel3             functab      0000
intlevel4             functab      0000
intlevel5             functab      0000
reset_vec             reset_vec    0000
saved_w               (abs)        007E
start                 init         0012
start_initialization  cinit        072B
wtemp0                (abs)        007E
